// Jest Snapshot v1, https://goo.gl/fbAQLP

exports[`Prueba del componente <LoginScreen /> Debe mostrarse correctamente el componente 1`] = `
<div
  className="container login-container"
>
  <div
    className="row"
  >
    <div
      className="col-md-6 login-form-1"
    >
      <h3>
        Ingreso
      </h3>
      <form
        onSubmit={[Function]}
      >
        <div
          className="form-group"
        >
          <input
            className="form-control"
            name="lEmail"
            onChange={[Function]}
            placeholder="Correo"
            type="text"
            value=""
          />
        </div>
        <div
          className="form-group"
        >
          <input
            className="form-control"
            name="lPassword"
            onChange={[Function]}
            placeholder="Contraseña"
            type="password"
            value=""
          />
        </div>
        <div
          className="form-group"
        >
          <input
            className="btnSubmit"
            type="submit"
            value="Login"
          />
        </div>
      </form>
    </div>
    <div
      className="col-md-6 login-form-2"
    >
      <h3>
        Registro
      </h3>
      <form
        onSubmit={[Function]}
      >
        <div
          className="form-group"
        >
          <input
            className="form-control"
            name="rName"
            onChange={[Function]}
            placeholder="Nombre"
            type="text"
            value="Vanesa"
          />
        </div>
        <div
          className="form-group"
        >
          <input
            className="form-control"
            name="rEmail"
            onChange={[Function]}
            placeholder="Correo"
            type="email"
            value="vanesa@test.com"
          />
        </div>
        <div
          className="form-group"
        >
          <input
            className="form-control"
            name="rPassword"
            onChange={[Function]}
            placeholder="Contraseña"
            type="password"
            value=""
          />
        </div>
        <div
          className="form-group"
        >
          <input
            className="form-control"
            name="rPassword_confirm"
            onChange={[Function]}
            placeholder="Repita la contraseña"
            type="password"
            value=""
          />
        </div>
        <div
          className="form-group"
        >
          <input
            className="btnSubmit"
            type="submit"
            value="Crear cuenta"
          />
        </div>
      </form>
    </div>
  </div>
</div>
`;
